### 2026-09-01T09:00:24Z
### cwd: .
### cmd: ../.venv-convert/bin/python - models/qvac/gguf/smolvlm ggml-org/SmolVLM-256M-Instruct-GGUF main logs/task3/mmproj_provenance.txt

Fetching 4 files:   0%|          | 0/4 [00:00<?, ?it/s]Fetching 4 files: 100%|██████████| 4/4 [00:00<00:00, 838.23it/s]
source repo:     ggml-org/SmolVLM-256M-Instruct-GGUF
source revision: b9e4379657e1450d04d02eec8e345667265b0a00
local dir:       models/qvac/gguf/smolvlm
total 1556008
-rw-r--r--@ 1 user            staff        268 Aug 30 16:41 README.md
-rw-r--r--@ 1 user            staff  175054528 Aug 30 16:43 SmolVLM-256M-Instruct-Q8_0.gguf
-rw-r--r--@ 1 user            staff  327809728 Aug 30 16:43 SmolVLM-256M-Instruct-f16.gguf
-rw-r--r--@ 1 user            staff  103769856 Aug 30 16:43 mmproj-SmolVLM-256M-Instruct-Q8_0.gguf
-rw-r--r--@ 1 user            staff  190031616 Aug 30 16:43 mmproj-SmolVLM-256M-Instruct-f16.gguf
### 2026-09-01T09:45:58Z
### cwd: .
### cmd: ../.venv-convert/bin/python - models/qvac/gguf/smolvlm ggml-org/SmolVLM-256M-Instruct-GGUF main logs/task3/mmproj_provenance.txt

Fetching 4 files:   0%|          | 0/4 [00:00<?, ?it/s]Fetching 4 files:  25%|██▌       | 1/4 [00:00<00:00,  6.67it/s]Warning: You are sending unauthenticated requests to the HF Hub. Please set a HF_TOKEN to enable higher rate limits and faster downloads.
Fetching 4 files:  75%|███████▌  | 3/4 [00:00<00:00,  4.65it/s]Fetching 4 files: 100%|██████████| 4/4 [00:00<00:00,  3.91it/s]Fetching 4 files: 100%|██████████| 4/4 [00:00<00:00,  4.17it/s]
source repo:     ggml-org/SmolVLM-256M-Instruct-GGUF
source revision: b9e4379657e1450d04d02eec8e345667265b0a00
local dir:       models/qvac/gguf/smolvlm
total 1556008
-rw-r--r--@ 1 user            staff        268 Sep  1 13:46 README.md
-rw-r--r--@ 1 user            staff  175054528 Aug 30 16:43 SmolVLM-256M-Instruct-Q8_0.gguf
-rw-r--r--@ 1 user            staff  327809728 Aug 30 16:43 SmolVLM-256M-Instruct-f16.gguf
-rw-r--r--@ 1 user            staff  103769856 Aug 30 16:43 mmproj-SmolVLM-256M-Instruct-Q8_0.gguf
-rw-r--r--@ 1 user            staff  190031616 Aug 30 16:43 mmproj-SmolVLM-256M-Instruct-f16.gguf
